Running tests from /home/user/Weather/tests/Weather.Rendering.Tests/bin/Debug/net10.0/Weather.Rendering.Tests.dll (net10.0|x64)
failed Weather.Rendering.Tests.MapRenderer.Render_Golden (5s 962ms)
  from /home/user/Weather/tests/Weather.Rendering.Tests/bin/Debug/net10.0/Weather.Rendering.Tests.dll (net10.0|x64)
  map-temperature: 平均差 3.53
    at Weather.Rendering.Tests.Golden.Check(String name, SKBitmap bitmap) in /home/user/Weather/tests/Weather.Rendering.Tests/MapTests.cs:458
    at Weather.Rendering.Tests.MapRenderer.Render_Golden() in /home/user/Weather/tests/Weather.Rendering.Tests/MapTests.cs:377
    at System.Reflection.MethodBaseInvoker.InterpretedInvoke_Method(Object obj, IntPtr* args)
    at System.Reflection.MethodBaseInvoker.InvokeWithNoArgs(Object obj, BindingFlags invokeAttr)
failed Weather.Rendering.Tests.MapRenderer.Render_TilesWithoutMask (674ms)
  from /home/user/Weather/tests/Weather.Rendering.Tests/bin/Debug/net10.0/Weather.Rendering.Tests.dll (net10.0|x64)
  朝鮮半島: #ffdd0708
    at Weather.Rendering.Tests.MapRenderer.Render_TilesWithoutMask() in /home/user/Weather/tests/Weather.Rendering.Tests/MapTests.cs:238
    --- End of stack trace from previous location ---
/home/user/Weather/tests/Weather.Rendering.Tests/bin/Debug/net10.0/Weather.Rendering.Tests.dll (net10.0|x64) failed with 2 error(s) (2m 04s 935ms)
Exit code: 2

Test run summary: Failed!
  total: 19
  failed: 2
  succeeded: 17
  skipped: 0
  duration: 2m 05s 189ms
Test run completed with non-success exit code: 2 (see: https://aka.ms/testingplatform/exitcodes)
