Running tests from /home/user/Weather/tests/Weather.Providers.Tests/bin/Debug/net10.0/Weather.Providers.Tests.dll (net10.0|x64)
failed Weather.Providers.Tests.JmaProvider.GetForecastAsync_WeeklyAreaMismatch (195ms)
  from /home/user/Weather/tests/Weather.Providers.Tests/bin/Debug/net10.0/Weather.Providers.Tests.dll (net10.0|x64)
  Assert.All() Failure: 5 out of 5 items in the collection did not pass.
  [0]: Item:  DailyForecast { Date = 10/06/2026, Source = SourceAttribution { Provider = Jma, AgencyName = 気象庁, ProductName = 府県週間天気予報, PublishingOffice = 気象庁, IssuedAt = 10/03/2026 17:00:00 +09:00, RetrievedAt = 10/04/2026 00:00:00 +00:00, License = LicenseInfo { Name = 公共データ利用規約(第1.0版)/ 出典:気象庁ホームページ, Url = https://www.jma.go.jp/jma/kishou/info/coment.html }, SourceUrl = https://www.jma.go.jp/bosai/forecast/#area_type=offices&area_code=130000, Processing = None, IsStale = False }, TemperatureSource = , Condition = CompositeCondition { Primary = WeatherCondition { Sky = Overcast, Precipitation = None, Intensity = None, IsShowery = False, HasThunder = False, HasStrongWind = False, Obscuration = None, HasPrecipitation = False }, Transition = , Secondary =  }, SourceCode = 200, WeatherText = 曇, WindText = , WaveText = , TempMaxC = 28, TempMinC = 19, TempMaxRangeC = ValueRange { Lower = 26, Upper = 31, Middle = 28.5 }, TempMinRangeC = ValueRange { Lower = 18, Upper = 20, Middle = 19 }, TemperaturePointName = 東京, PrecipitationMm = , PrecipitationProbability = 40, Parts = System.Collections.Generic.List`1[Weather.Core.DayPart], Reliability = B, EffectiveTemperatureSource = SourceAttribution { Provider = Jma, AgencyName = 気象庁, ProductName = 府県週間天気予報, PublishingOffice = 気象庁, IssuedAt = 10/03/2026 17:00:00 +09:00, RetrievedAt = 10/04/2026 00:00:00 +00:00, License = LicenseInfo { Name = 公共データ利用規約(第1.0版)/ 出典:気象庁ホームページ, Url = https://www.jma.go.jp/jma/kishou/info/coment.html }, SourceUrl = https://www.jma.go.jp/bosai/forecast/#area_type=offices&area_code=130000, Processing = None, IsStale = False } }
       Error: Assert.Null() Failure: Value of type 'Nullable<int>' has a value
              Expected: null
              Actual:   40
  [1]: Item:  DailyForecast { Date = 10/07/2026, Source = SourceAttribution { Provider = Jma, AgencyName = 気象庁, ProductName = 府県週間天気予報, PublishingOffice = 気象庁, IssuedAt = 10/03/2026 17:00:00 +09:00, RetrievedAt = 10/04/2026 00:00:00 +00:00, License = LicenseInfo { Name = 公共データ利用規約(第1.0版)/ 出典:気象庁ホームページ, Url = https://www.jma.go.jp/jma/kishou/info/coment.html }, SourceUrl = https://www.jma.go.jp/bosai/forecast/#area_type=offices&area_code=130000, Processing = None, IsStale = False }, TemperatureSource = , Condition = CompositeCondition { Primary = WeatherCondition { Sky = Overcast, Precipitation = None, Intensity = None, IsShowery = False, HasThunder = False, HasStrongWind = False, Obscuration = None, HasPrecipitation = False }, Transition = , Secondary =  }, SourceCode = 200, WeatherText = 曇, WindText = , WaveText = , TempMaxC = 26, TempMinC = 19, TempMaxRangeC = ValueRange { Lower = 23, Upper = 29, Middle = 26 }, TempMinRangeC = ValueRange { Lower = 17, Upper = 20, Middle = 18.5 }, TemperaturePointName = 東京, PrecipitationMm = , PrecipitationProbability = 40, Parts = System.Collections.Generic.List`1[Weather.Core.DayPart], Reliability = B, EffectiveTemperatureSource = SourceAttribution { Provider = Jma, AgencyName = 気象庁, ProductName = 府県週間天気予報, PublishingOffice = 気象庁, IssuedAt = 10/03/2026 17:00:00 +09:00, RetrievedAt = 10/04/2026 00:00:00 +00:00, License = LicenseInfo { Name = 公共データ利用規約(第1.0版)/ 出典:気象庁ホームページ, Url = https://www.jma.go.jp/jma/kishou/info/coment.html }, SourceUrl = https://www.jma.go.jp/bosai/forecast/#area_type=offices&area_code=130000, Processing = None, IsStale = False } }
       Error: Assert.Null() Failure: Value of type 'Nullable<int>' has a value
              Expected: null
              Actual:   40
  [2]: Item:  DailyForecast { Date = 10/08/2026, Source = SourceAttribution { Provider = Jma, AgencyName = 気象庁, ProductName = 府県週間天気予報, PublishingOffice = 気象庁, IssuedAt = 10/03/2026 17:00:00 +09:00, RetrievedAt = 10/04/2026 00:00:00 +00:00, License = LicenseInfo { Name = 公共データ利用規約(第1.0版)/ 出典:気象庁ホームページ, Url = https://www.jma.go.jp/jma/kishou/info/coment.html }, SourceUrl = https://www.jma.go.jp/bosai/forecast/#area_type=offices&area_code=130000, Processing = None, IsStale = False }, TemperatureSource = , Condition = CompositeCondition { Primary = WeatherCondition { Sky = Clear, Precipitation = None, Intensity = None, IsShowery = False, HasThunder = False, HasStrongWind = False, Obscuration = None, HasPrecipitation = False }, Transition = Occasionally, Secondary = WeatherCondition { Sky = Overcast, Precipitation = None, Intensity = None, IsShowery = False, HasThunder = False, HasStrongWind = False, Obscuration = None, HasPrecipitation = False } }, SourceCode = 101, WeatherText = 晴時々曇, WindText = , WaveText = , TempMaxC = 24, TempMinC = 17, TempMaxRangeC = ValueRange { Lower = 22, Upper = 26, Middle = 24 }, TempMinRangeC = ValueRange { Lower = 15, Upper = 18, Middle = 16.5 }, TemperaturePointName = 東京, PrecipitationMm = , PrecipitationProbability = 20, Parts = System.Collections.Generic.List`1[Weather.Core.DayPart], Reliability = A, EffectiveTemperatureSource = SourceAttribution { Provider = Jma, AgencyName = 気象庁, ProductName = 府県週間天気予報, PublishingOffice = 気象庁, IssuedAt = 10/03/2026 17:00:00 +09:00, RetrievedAt = 10/04/2026 00:00:00 +00:00, License = LicenseInfo { Name = 公共データ利用規約(第1.0版)/ 出典:気象庁ホームページ, Url = https://www.jma.go.jp/jma/kishou/info/coment.html }, SourceUrl = https://www.jma.go.jp/bosai/forecast/#area_type=offices&area_code=130000, Processing = None, IsStale = False } }
       Error: Assert.Null() Failure: Value of type 'Nullable<int>' has a value
              Expected: null
              Actual:   20
  [3]: Item:  DailyForecast { Date = 10/09/2026, Source = SourceAttribution { Provider = Jma, AgencyName = 気象庁, ProductName = 府県週間天気予報, PublishingOffice = 気象庁, IssuedAt = 10/03/2026 17:00:00 +09:00, RetrievedAt = 10/04/2026 00:00:00 +00:00, License = LicenseInfo { Name = 公共データ利用規約(第1.0版)/ 出典:気象庁ホームページ, Url = https://www.jma.go.jp/jma/kishou/info/coment.html }, SourceUrl = https://www.jma.go.jp/bosai/forecast/#area_type=offices&area_code=130000, Processing = None, IsStale = False }, TemperatureSource = , Condition = CompositeCondition { Primary = WeatherCondition { Sky = Clear, Precipitation = None, Intensity = None, IsShowery = False, HasThunder = False, HasStrongWind = False, Obscuration = None, HasPrecipitation = False }, Transition = Occasionally, Secondary = WeatherCondition { Sky = Overcast, Precipitation = None, Intensity = None, IsShowery = False, HasThunder = False, HasStrongWind = False, Obscuration = None, HasPrecipitation = False } }, SourceCode = 101, WeatherText = 晴時々曇, WindText = , WaveText = , TempMaxC = 24, TempMinC = 16, TempMaxRangeC = ValueRange { Lower = 20, Upper = 26, Middle = 23 }, TempMinRangeC = ValueRange { Lower = 13, Upper = 18, Middle = 15.5 }, TemperaturePointName = 東京, PrecipitationMm = , PrecipitationProbability = 20, Parts = System.Collections.Generic.List`1[Weather.Core.DayPart], Reliability = A, EffectiveTemperatureSource = SourceAttribution { Provider = Jma, AgencyName = 気象庁, ProductName = 府県週間天気予報, PublishingOffice = 気象庁, IssuedAt = 10/03/2026 17:00:00 +09:00, RetrievedAt = 10/04/2026 00:00:00 +00:00, License = LicenseInfo { Name = 公共データ利用規約(第1.0版)/ 出典:気象庁ホームページ, Url = https://www.jma.go.jp/jma/kishou/info/coment.html }, SourceUrl = https://www.jma.go.jp/bosai/forecast/#area_type=offices&area_code=130000, Processing = None, IsStale = False } }
       Error: Assert.Null() Failure: Value of type 'Nullable<int>' has a value
              Expected: null
              Actual:   20
  [4]: Item:  DailyForecast { Date = 10/10/2026, Source = SourceAttribution { Provider = Jma, AgencyName = 気象庁, ProductName = 府県週間天気予報, PublishingOffice = 気象庁, IssuedAt = 10/03/2026 17:00:00 +09:00, RetrievedAt = 10/04/2026 00:00:00 +00:00, License = LicenseInfo { Name = 公共データ利用規約(第1.0版)/ 出典:気象庁ホームページ, Url = https://www.jma.go.jp/jma/kishou/info/coment.html }, SourceUrl = https://www.jma.go.jp/bosai/forecast/#area_type=offices&area_code=130000, Processing = None, IsStale = False }, TemperatureSource = , Condition = CompositeCondition { Primary = WeatherCondition { Sky = Overcast, Precipitation = None, Intensity = None, IsShowery = False, HasThunder = False, HasStrongWind = False, Obscuration = None, HasPrecipitation = False }, Transition = Occasionally, Secondary = WeatherCondition { Sky = Clear, Precipitation = None, Intensity = None, IsShowery = False, HasThunder = False, HasStrongWind = False, Obscuration = None, HasPrecipitation = False } }, SourceCode = 201, WeatherText = 曇時々晴, WindText = , WaveText = , TempMaxC = 25, TempMinC = 16, TempMaxRangeC = ValueRange { Lower = 22, Upper = 27, Middle = 24.5 }, TempMinRangeC = ValueRange { Lower = 14, Upper = 18, Middle = 16 }, TemperaturePointName = 東京, PrecipitationMm = , PrecipitationProbability = 30, Parts = System.Collections.Generic.List`1[Weather.Core.DayPart], Reliability = A, EffectiveTemperatureSource = SourceAttribution { Provider = Jma, AgencyName = 気象庁, ProductName = 府県週間天気予報, PublishingOffice = 気象庁, IssuedAt = 10/03/2026 17:00:00 +09:00, RetrievedAt = 10/04/2026 00:00:00 +00:00, License = LicenseInfo { Name = 公共データ利用規約(第1.0版)/ 出典:気象庁ホームページ, Url = https://www.jma.go.jp/jma/kishou/info/coment.html }, SourceUrl = https://www.jma.go.jp/bosai/forecast/#area_type=offices&area_code=130000, Processing = None, IsStale = False } }
       Error: Assert.Null() Failure: Value of type 'Nullable<int>' has a value
              Expected: null
              Actual:   30
    at Weather.Providers.Tests.JmaProvider.GetForecastAsync_WeeklyAreaMismatch() in /home/user/Weather/tests/Weather.Providers.Tests/JmaProvider.cs:90
    --- End of stack trace from previous location ---
/home/user/Weather/tests/Weather.Providers.Tests/bin/Debug/net10.0/Weather.Providers.Tests.dll (net10.0|x64) failed with 1 error(s) (662ms)
Exit code: 2

Test run summary: Failed!
  total: 1
  failed: 1
  succeeded: 0
  skipped: 0
  duration: 949ms
Test run completed with non-success exit code: 2 (see: https://aka.ms/testingplatform/exitcodes)
