Running tests from /home/user/Weather/tests/Weather.Presentation.Tests/bin/Debug/net10.0/Weather.Presentation.Tests.dll (net10.0|x64)
failed Weather.Presentation.Tests.Units.Temperature (4ms)
  from /home/user/Weather/tests/Weather.Presentation.Tests/bin/Debug/net10.0/Weather.Presentation.Tests.dll (net10.0|x64)
  Assert.Equal() Failure: Strings differ
             ↓ (pos 0)
  Expected: "0°"
  Actual:   "-0°"
             ↑ (pos 0)
    at Weather.Presentation.Tests.Units.Temperature() in /home/user/Weather/tests/Weather.Presentation.Tests/ViewModelTests.cs:211
    at System.Reflection.MethodBaseInvoker.InterpretedInvoke_Method(Object obj, IntPtr* args)
    at System.Reflection.MethodBaseInvoker.InvokeWithNoArgs(Object obj, BindingFlags invokeAttr)
/home/user/Weather/tests/Weather.Presentation.Tests/bin/Debug/net10.0/Weather.Presentation.Tests.dll (net10.0|x64) failed with 1 error(s) (807ms)
Exit code: 2

Test run summary: Failed!
  total: 43
  failed: 1
  succeeded: 42
  skipped: 0
  duration: 1s 049ms
Test run completed with non-success exit code: 2 (see: https://aka.ms/testingplatform/exitcodes)
